\BOOKMARK [1][-]{section*.1}{\376\377\0001\000\040\225\356\230\230\221\315\217\360\116\016\122\006\147\220}{}% 1
\BOOKMARK [2][-]{subsection*.2}{\376\377\0001\000.\0001\000\040\170\024\172\166\116\373\122\241}{section*.1}% 2
\BOOKMARK [2][-]{subsection*.3}{\376\377\0001\000.\0002\000\040\145\271\154\325\220\011\142\351\116\016\170\024\172\166\140\035\215\357}{section*.1}% 3
\BOOKMARK [1][-]{section*.6}{\376\377\0002\000\040\145\160\143\156\145\164\164\006\116\016\136\372\152\041\120\107\213\276}{}% 4
\BOOKMARK [2][-]{subsection*.7}{\376\377\0002\000.\0001\000\040\145\160\143\156\147\145\156\220\124\214\145\366\225\364\133\371\237\120}{section*.6}% 5
\BOOKMARK [2][-]{subsection*.9}{\376\377\0002\000.\0002\000\040\136\372\152\041\120\107\213\276\123\312\220\002\165\050\203\003\126\364}{section*.6}% 6
\BOOKMARK [1][-]{section*.10}{\376\377\0003\000\040\173\046\123\367\213\364\146\016\116\016\121\154\121\161\176\246\147\137}{}% 7
\BOOKMARK [1][-]{section*.14}{\376\377\0004\000\040\225\356\230\230\116\000\377\032\170\156\133\232\140\047\145\345\122\115\215\055\165\065\152\041\127\213}{}% 8
\BOOKMARK [2][-]{subsection*.15}{\376\377\0004\000.\0001\000\040\176\277\140\047\211\304\122\022\166\204\136\372\172\313\116\016\154\102\211\343}{section*.14}% 9
\BOOKMARK [2][-]{subsection*.19}{\376\377\0004\000.\0002\000\040\215\055\165\065\213\241\122\022\116\016\120\250\200\375\217\320\210\114}{section*.14}% 10
\BOOKMARK [2][-]{subsection*.23}{\376\377\0004\000.\0003\000\040\133\271\221\317\116\016\122\237\163\207\160\165\145\117\136\246}{section*.14}% 11
\BOOKMARK [1][-]{section*.25}{\376\377\0005\000\040\225\356\230\230\116\214\377\032\153\213\135\356\127\072\146\157\116\013\166\204\145\345\122\115\215\055\165\065\116\016\133\236\226\105\214\003\136\246}{}% 12
\BOOKMARK [2][-]{subsection*.26}{\376\377\0005\000.\0001\000\040\160\271\230\204\155\113\124\214\221\115\133\371\153\213\135\356\127\072\146\157}{section*.25}% 13
\BOOKMARK [2][-]{subsection*.29}{\376\377\0005\000.\0002\000\040\116\044\226\066\153\265\226\217\147\072\176\277\140\047\211\304\122\022}{section*.25}% 14
\BOOKMARK [2][-]{subsection*.31}{\376\377\0005\000.\0003\000\040\126\340\147\234\217\320\210\114\211\304\122\031\116\016\176\323\173\227}{section*.25}% 15
\BOOKMARK [2][-]{subsection*.35}{\376\377\0005\000.\0004\000\040\176\337\213\241\147\037\176\323\147\234\116\016\121\170\127\213\145\345\176\323\147\234}{section*.25}% 16
\BOOKMARK [1][-]{section*.47}{\376\377\0006\000\040\225\356\230\230\116\011\377\032\230\204\142\245\176\304\124\010\116\016\145\345\121\205\156\332\122\250\214\003\145\164}{}% 17
\BOOKMARK [2][-]{subsection*.48}{\376\377\0006\000.\0001\000\040\230\204\142\245\133\371\237\120\060\001\176\304\124\010\123\312\137\123\145\345\117\356\153\143}{section*.47}% 18
\BOOKMARK [2][-]{subsection*.52}{\376\377\0006\000.\0002\000\040\123\237\213\241\122\022\060\001\214\003\145\164\123\330\221\317\116\016\176\323\173\227\152\041\127\213}{section*.47}% 19
\BOOKMARK [2][-]{subsection*.57}{\376\377\0006\000.\0003\000\040\230\204\142\245\145\110\147\234\116\016\217\320\210\114\215\071\165\050}{section*.47}% 20
\BOOKMARK [2][-]{subsection*.60}{\376\377\0006\000.\0004\000\040\230\235\131\026\123\321\136\003\145\366\225\364\166\204\137\305\211\201\140\047}{section*.47}% 21
\BOOKMARK [2][-]{subsection*.62}{\376\377\0006\000.\0005\000\040\121\170\127\213\145\345\133\214\145\164\176\323\147\234}{section*.47}% 22
\BOOKMARK [1][-]{section*.72}{\376\377\0007\000\040\225\356\230\230\126\333\377\032\154\342\122\250\165\065\116\367\116\013\166\204\126\340\147\234\215\055\165\065\173\126\165\145}{}% 23
\BOOKMARK [2][-]{subsection*.73}{\376\377\0007\000.\0001\000\040\116\367\150\074\117\341\140\157\116\016\121\263\173\126\211\304\122\031}{section*.72}% 24
\BOOKMARK [2][-]{subsection*.77}{\376\377\0007\000.\0002\000\040\176\337\213\241\147\037\215\071\165\050\116\016\117\341\140\157\116\367\120\074}{section*.72}% 25
\BOOKMARK [2][-]{subsection*.80}{\376\377\0007\000.\0003\000\040\121\170\127\213\145\345\147\037\166\204\133\371\136\224\176\323\147\234}{section*.72}% 26
\BOOKMARK [2][-]{subsection*.86}{\376\377\0007\000.\0004\000\040\117\335\143\001\145\345\127\107\116\367\150\074\166\204\154\342\122\250\160\165\145\117\136\246}{section*.72}% 27
\BOOKMARK [1][-]{section*.90}{\376\377\0008\000\040\152\041\127\213\150\300\232\214\116\016\176\323\147\234\217\271\165\114}{}% 28
\BOOKMARK [2][-]{subsection*.91}{\376\377\0008\000.\0001\000\040\230\204\155\113\150\300\232\214\124\214\176\246\147\137\150\300\232\214}{section*.90}% 29
\BOOKMARK [2][-]{subsection*.94}{\376\377\0008\000.\0002\000\040\176\323\213\272\166\204\123\357\145\057\143\001\203\003\126\364}{section*.90}% 30
\BOOKMARK [1][-]{section*.95}{\376\377\0009\000\040\152\041\127\213\213\304\116\367\116\016\136\224\165\050\136\372\213\256}{}% 31
\BOOKMARK [2][-]{subsection*.96}{\376\377\0009\000.\0001\000\040\152\041\127\213\117\030\160\271}{section*.95}% 32
\BOOKMARK [2][-]{subsection*.97}{\376\377\0009\000.\0002\000\040\152\041\127\213\116\015\215\263\116\016\123\357\210\114\145\071\217\333}{section*.95}% 33
\BOOKMARK [2][-]{subsection*.98}{\376\377\0009\000.\0003\000\040\214\003\143\247\176\323\213\272}{section*.95}% 34
\BOOKMARK [1][-]{section*.99}{\376\377\123\302\200\003\145\207\163\056}{}% 35
\BOOKMARK [1][-]{section*.100}{\376\377\226\104\137\125\000\040\000A\000\040\145\057\144\221\147\120\145\231\145\207\116\366\156\005\123\125\116\016\176\323\147\234\213\364\146\016}{}% 36
